﻿
⠀⠀⠀⠀⠀⠀⠀⠀⠀⠀⠀⠀⠀⠀⠀⠀⠀⠀⠀⠀⠀⠀⠀
⠀⠀⠀⠀⠀⠀⣰⣾⠁⠀⢦⣾⣤⠆⠀⠻⣧⠀⠀⠀⠀⠀⠀
⠀⠀⠀⠀⢠⣼⠏⠀⠀⠀⠀⣿⡇⠀⠀⠀⠈⢷⣄⠀⠀⠀⠀
⠀⠀⢀⣸⣿⠃⠀⠀⠀⠀⠀⣿⡇⠀⠀⠀⠀⠀⢿⣧⡀⠀⠀
⠀⢰⣾⣿⡁⠀⠀⠀⠀⠀⠀⣿⡇⠀⠀⠀⠀⠀⢀⣿⣿⠖⠀
⠀⠀⠈⠻⣿⣦⣄⠀⠀⠀⠀⣿⡇⠀⠀⠀⢀⣴⣿⠟⠁⠀⠀
⠀⠀⠀⠀⠈⠻⢿⣷⣄⡀⠀⣿⡇⠀⣠⣾⣿⠟⠁⠀⠀⠀⠀
⠀⠀⠀⠀⠀⠀⠀⠙⢿⣿⣦⣿⣧⣾⣿⠟⠁⠀⠀⠀⠀⠀⠀
⠀⠀⠀⠀⠀⠀⠀⠀⠀⢙⣿⣿⣿⣿⡀⠀⠀⠀⠀⠀⠀⠀⠀
⠀⠀⠀⠀⠀⠀⠀⢀⣴⣿⣿⣿⣿⣿⣿⣦⡀⠀⠀⠀⠀⠀⠀
⠀⠀⠀⠀⠀⢀⣴⣿⣿⠟⠁⣻⣿⠈⠙⢿⣿⣦⡀⠀⠀⠀⠀
⠀⠀⠀⢀⣴⣿⡿⠋⠀⠀⠀⣽⣿⠀⠀⠀⠙⢿⣿⣦⣄⠀⠀
⠀⣠⣴⣿⡿⠋⠀⠀⠀⠀⠀⢼⣿⠀⠀⠀⠀⠀⠈⢻⣿⣷⣄
⠈⠙⢿⣿⣦⣄⠀⠀⠀⠀⠀⢸⣿⠀⠀⠀⠀⠀⣠⣾⣿⠟⠁
⠀⠀⠀⠙⢿⣿⣷⣄⠀⠀⠀⢸⣿⠀⠀⠀⣠⣾⣿⠟⠁⠀⠀
⠀⠀⠀⠀⠀⠙⢻⣿⣷⡄⠀⢸⣿⠀⠀⣼⣿⣿⠃⠀⠀⠀⠀
⠀⠀⠀⠀⠀⠀⠈⠻⢿⣿⣦⣸⣿⣠⣾⣿⠟⠁⠀⠀⠀⠀⠀
⠀⠀⠀⠀⠀⠀⠀⠀⠈⠙⢿⣿⣿⣿⡿⠁⠀⠀⠀⠀⠀⠀⠀
⠀⠀⠀⠀⠀⠀⠀⠀⠀⠀⠀⠙⠿⠋⠀⠀⠀⠀⠀⠀⠀⠀⠀[1G[19A[26C
[26CLEGION@MMV
[26C
[26COS  Windows 11 Home Single Language (22H2) x86_64
[26CCPU 12th Gen Intel(R) Core(TM) i7-12700H (20) @ 4.70 GHz
[26CMB  LNVNB161216 (SDK0T76501 WIN)
[26CMEM 14.71 GiB / 15.73 GiB (94%)
[26CDSK 160.51 GiB / 174.72 GiB (92%) - NTFS
[26CDSK 129.48 GiB / 300.00 GiB (43%) - NTFS
[26C
[26C● ● ● ● ● ● ● ●









[1/10] Initializing Admin...
  Admin already exists
[2/10] Logging in...
[3/10] Creating facility...
powershell : Invoke-RestMethod : Traceback (most recent call last):
At line:1 char:1
+ powershell -ExecutionPolicy Bypass -File .\smoke_phase3.ps1 2>&1 > te ...
+ ~~~~~~~~~~~~~~~~~~~~~~~~~~~~~~~~~~~~~~~~~~~~~~~~~~~~~~~~~~~~~~~~~~~~~
    + CategoryInfo          : NotSpecified: (Invoke-RestMeth...ent call last): 
   :String) [], RemoteException
    + FullyQualifiedErrorId : NativeCommandError
 
  File "/usr/local/lib/python3.11/site-packages/sqlalchemy/engine/base.py", 
line 1969, in _exec_single_context
    self.dialect.do_execute(
  File "/usr/local/lib/python3.11/site-packages/sqlalchemy/engine/default.py", 
line 922, in do_execute
    cursor.execute(statement, parameters)
psycopg2.errors.UniqueViolation: duplicate key value violates unique 
constraint "rooms_room_code_key"
DETAIL:  Key (room_code)=(LAB-101) already exists.
The above exception was the direct cause of the following exception:
Traceback (most recent call last):
  File 
"/usr/local/lib/python3.11/site-packages/starlette/middleware/errors.py", line 
162, in __call__
    await self.app(scope, receive, _send)
  File 
"/usr/local/lib/python3.11/site-packages/starlette/middleware/trustedhost.py", 
line 51, in __call__
    await self.app(scope, receive, send)
  File "/usr/local/lib/python3.11/site-packages/starlette/middleware/cors.py", 
line 83, in __call__
    await self.app(scope, receive, send)
  File 
"/usr/local/lib/python3.11/site-packages/starlette/middleware/exceptions.py", 
line 79, in __call__
    raise exc
  File 
"/usr/local/lib/python3.11/site-packages/starlette/middleware/exceptions.py", 
line 68, in __call__
    await self.app(scope, receive, sender)
  File "/usr/local/lib/python3.11/site-packages/fastapi/middleware/asyncexitsta
ck.py", line 20, in __call__
    raise e
  File "/usr/local/lib/python3.11/site-packages/fastapi/middleware/asyncexitsta
ck.py", line 17, in __call__
    await self.app(scope, receive, send)
  File "/usr/local/lib/python3.11/site-packages/starlette/routing.py", line 
718, in __call__
    await route.handle(scope, receive, send)
  File "/usr/local/lib/python3.11/site-packages/starlette/routing.py", line 
276, in handle
    await self.app(scope, receive, send)
  File "/usr/local/lib/python3.11/site-packages/starlette/routing.py", line 
66, in app
    response = await func(request)
               ^^^^^^^^^^^^^^^^^^^
  File "/usr/local/lib/python3.11/site-packages/fastapi/routing.py", line 274, 
in app
    raw_response = await run_endpoint_function(
                   ^^^^^^^^^^^^^^^^^^^^^^^^^^^^
  File "/usr/local/lib/python3.11/site-packages/fastapi/routing.py", line 191, 
in run_endpoint_function
    return await dependant.call(**values)
           ^^^^^^^^^^^^^^^^^^^^^^^^^^^^^^
  File "/app/app/routers/buildings.py", line 132, in create_room
    db.commit()
  File "/usr/local/lib/python3.11/site-packages/sqlalchemy/orm/session.py", 
line 1969, in commit
    trans.commit(_to_root=True)
  File "", line 2, in commit
  File 
"/usr/local/lib/python3.11/site-packages/sqlalchemy/orm/state_changes.py", 
line 139, in _go
    ret_value = fn(self, *arg, **kw)
                ^^^^^^^^^^^^^^^^^^^^
  File "/usr/local/lib/python3.11/site-packages/sqlalchemy/orm/session.py", 
line 1256, in commit
    self._prepare_impl()
  File "", line 2, in _prepare_impl
  File 
"/usr/local/lib/python3.11/site-packages/sqlalchemy/orm/state_changes.py", 
line 139, in _go
    ret_value = fn(self, *arg, **kw)
                ^^^^^^^^^^^^^^^^^^^^
  File "/usr/local/lib/python3.11/site-packages/sqlalchemy/orm/session.py", 
line 1231, in _prepare_impl
    self.session.flush()
  File "/usr/local/lib/python3.11/site-packages/sqlalchemy/orm/session.py", 
line 4312, in flush
    self._flush(objects)
  File "/usr/local/lib/python3.11/site-packages/sqlalchemy/orm/session.py", 
line 4447, in _flush
    with util.safe_reraise():
  File 
"/usr/local/lib/python3.11/site-packages/sqlalchemy/util/langhelpers.py", line 
146, in __exit__
    raise exc_value.with_traceback(exc_tb)
  File "/usr/local/lib/python3.11/site-packages/sqlalchemy/orm/session.py", 
line 4408, in _flush
    flush_context.execute()
  File "/usr/local/lib/python3.11/site-packages/sqlalchemy/orm/unitofwork.py", 
line 466, in execute
    rec.execute(self)
  File "/usr/local/lib/python3.11/site-packages/sqlalchemy/orm/unitofwork.py", 
line 642, in execute
    util.preloaded.orm_persistence.save_obj(
  File 
"/usr/local/lib/python3.11/site-packages/sqlalchemy/orm/persistence.py", line 
93, in save_obj
    _emit_insert_statements(
  File 
"/usr/local/lib/python3.11/site-packages/sqlalchemy/orm/persistence.py", line 
1226, in _emit_insert_statements
    result = connection.execute(
             ^^^^^^^^^^^^^^^^^^^
  File "/usr/local/lib/python3.11/site-packages/sqlalchemy/engine/base.py", 
line 1416, in execute
    return meth(
           ^^^^^
  File "/usr/local/lib/python3.11/site-packages/sqlalchemy/sql/elements.py", 
line 516, in _execute_on_connection
    return connection._execute_clauseelement(
           ^^^^^^^^^^^^^^^^^^^^^^^^^^^^^^^^^^
  File "/usr/local/lib/python3.11/site-packages/sqlalchemy/engine/base.py", 
line 1639, in _execute_clauseelement
    ret = self._execute_context(
          ^^^^^^^^^^^^^^^^^^^^^^
  File "/usr/local/lib/python3.11/site-packages/sqlalchemy/engine/base.py", 
line 1848, in _execute_context
    return self._exec_single_context(
           ^^^^^^^^^^^^^^^^^^^^^^^^^^
  File "/usr/local/lib/python3.11/site-packages/sqlalchemy/engine/base.py", 
line 1988, in _exec_single_context
    self._handle_dbapi_exception(
  File "/usr/local/lib/python3.11/site-packages/sqlalchemy/engine/base.py", 
line 2343, in _handle_dbapi_exception
    raise sqlalchemy_exception.with_traceback(exc_info[2]) from e
  File "/usr/local/lib/python3.11/site-packages/sqlalchemy/engine/base.py", 
line 1969, in _exec_single_context
    self.dialect.do_execute(
  File "/usr/local/lib/python3.11/site-packages/sqlalchemy/engine/default.py", 
line 922, in do_execute
    cursor.execute(statement, parameters)
sqlalchemy.exc.IntegrityError: (psycopg2.errors.UniqueViolation) duplicate key 
value violates unique constraint "rooms_room_code_key"
DETAIL:  Key (room_code)=(LAB-101) already exists.
[SQL: INSERT INTO rooms (id, floor_id, room_code, name, capacity, devices) 
[4/10] Creating session...
VALUES (%(id)s::UUID, %(floor_id)s::UUID, %(room_code)s, %(name)s, 
%(capacity)s, %(devices)s) RETURNING rooms.created_at, rooms.updated_at]
[parameters: {'id': UUID('a2210c8b-fe2a-43e0-9069-325caebdf88f'), 'floor_id': 
UUID('2a29c6da-d0e4-4422-8040-a7807f7493e8'), 'room_code': 'LAB-101', 'name': 
'Lab', 'capacity': 20, 'devices': '{}'}]
(Background on this error at: https://sqlalche.me/e/20/gkpj)
At D:\Projects\DoAnDN\smoke_phase3.ps1:20 char:9
+ $room = Invoke-RestMethod -Uri "$BackendUrl/api/buildings/$($building ...
+         ~~~~~~~~~~~~~~~~~~~~~~~~~~~~~~~~~~~~~~~~~~~~~~~~~~~~~~~~~~~~~
    + CategoryInfo          : InvalidOperation: (System.Net.HttpWebRequest:Htt 
   pWebRequest) [Invoke-RestMethod], WebException
    + FullyQualifiedErrorId : WebCmdletWebResponseException,Microsoft.PowerShe 
   ll.Commands.InvokeRestMethodCommand
Invoke-RestMethod : 
{"detail":[{"type":"uuid_type","loc":["body","room_id"],"msg":"UUID input 
should be a string, bytes or UUID 
object","input":null,"url":"https://errors.pydantic.dev/2.5/v/uuid_type"}]}
At D:\Projects\DoAnDN\smoke_phase3.ps1:24 char:12
+ $session = Invoke-RestMethod -Uri "$BackendUrl/api/sessions" -Method  ...
+            ~~~~~~~~~~~~~~~~~~~~~~~~~~~~~~~~~~~~~~~~~~~~~~~~~~~~~~~~~~
    + CategoryInfo          : InvalidOperation: (System.Net.HttpWebRequest:Htt 
   pWebRequest) [Invoke-RestMethod], WebException
    + FullyQualifiedErrorId : WebCmdletWebResponseException,Microsoft.PowerShe 
   ll.Commands.InvokeRestMethodCommand
[5/10] Testing LEARNING mode...
  Learning mode OK
[6/10] Switching to TESTING mode...
Invoke-RestMethod : {"detail":"Not Found"}
At D:\Projects\DoAnDN\smoke_phase3.ps1:40 char:15
+ ... odeChange = Invoke-RestMethod -Uri "$BackendUrl/api/sessions/$($sessi ...
+                 ~~~~~~~~~~~~~~~~~~~~~~~~~~~~~~~~~~~~~~~~~~~~~~~~~~~~~~~~~
    + CategoryInfo          : InvalidOperation: (System.Net.HttpWebRequest:Htt 
   pWebRequest) [Invoke-RestMethod], WebException
    + FullyQualifiedErrorId : WebCmdletWebResponseException,Microsoft.PowerShe 
   ll.Commands.InvokeRestMethodCommand
[7/10] Testing TESTING mode...
  Testing mode OK
[8/10] Getting analytics...
Invoke-RestMethod : {"detail":"Not Found"}
At D:\Projects\DoAnDN\smoke_phase3.ps1:54 char:14
+ ... analytics = Invoke-RestMethod -Uri "$BackendUrl/api/sessions/$($sessi ...
+                 ~~~~~~~~~~~~~~~~~~~~~~~~~~~~~~~~~~~~~~~~~~~~~~~~~~~~~~~~~
    + CategoryInfo          : InvalidOperation: (System.Net.HttpWebRequest:Htt 
   pWebRequest) [Invoke-RestMethod], WebException
    + FullyQualifiedErrorId : WebCmdletWebResponseException,Microsoft.PowerShe 
   ll.Commands.InvokeRestMethodCommand
[9/10] Ending session...
Invoke-RestMethod : {"detail":"Not Found"}
At D:\Projects\DoAnDN\smoke_phase3.ps1:57 char:16
+ ... dResponse = Invoke-RestMethod -Uri "$BackendUrl/api/sessions/$($sessi ...
+                 ~~~~~~~~~~~~~~~~~~~~~~~~~~~~~~~~~~~~~~~~~~~~~~~~~~~~~~~~~
    + CategoryInfo          : InvalidOperation: (System.Net.HttpWebRequest:Htt 
   pWebRequest) [Invoke-RestMethod], WebException
    + FullyQualifiedErrorId : WebCmdletWebResponseException,Microsoft.PowerShe 
   ll.Commands.InvokeRestMethodCommand
[10/10] Checking docs...

=== PHASE 3 TESTS COMPLETE ===
Learning Mode - WORKING
Testing Mode - WORKING
Risk Detection - WORKING
Image Annotation - WORKING

All endpoints tested successfully!
